suniljainvodafo@ip-172-31-30-68:~$ git --version

git version 2.34.1

suniljainvodafo@ip-172-31-30-68:~$ sudo apt-get install git  (If  git is not available)

suniljainvodafo@ip-172-31-30-68:~$ mkdir project_sunil    (Working Directory)

suniljainvodafo@ip-172-31-30-68:~$ cd project_sunil/

suniljainvodafo@ip-172-31-30-68:~/project_sunil$ ls

suniljainvodafo@ip-172-31-30-68:~/project_sunil$ ls -l

total 0

suniljainvodafo@ip-172-31-30-68:~/project_sunil$ ls -la

total 8

drwxrwxr-x  2 suniljainvodafo suniljainvodafo 4096 May 10 08:55 .

drwxr-xr-x 17 suniljainvodafo suniljainvodafo 4096 May 10 08:55 ..

suniljainvodafo@ip-172-31-30-68:~/project_sunil$ git init   (initialize git repo)

hint: Using 'master' as the name for the initial branch. This default branch name

hint: is subject to change. To configure the initial branch name to use in all

hint: of your new repositories, which will suppress this warning, call:

hint: 

hint: 	git config --global init.defaultBranch <name>

hint: 

hint: Names commonly chosen instead of 'master' are 'main', 'trunk' and

hint: 'development'. The just-created branch can be renamed via this command:

hint: 

hint: 	git branch -m <name>

Initialized empty Git repository in /home/suniljainvodafo/project_sunil/.git/

suniljainvodafo@ip-172-31-30-68:~/project_sunil$ ls -la

total 12

drwxrwxr-x  3 suniljainvodafo suniljainvodafo 4096 May 10 08:56 .

drwxr-xr-x 17 suniljainvodafo suniljainvodafo 4096 May 10 08:55 ..

drwxrwxr-x  7 suniljainvodafo suniljainvodafo 4096 May 10 08:56 .git    (.git -> Local repository)

suniljainvodafo@ip-172-31-30-68:~/project_sunil$ cd .git

suniljainvodafo@ip-172-31-30-68:~/project_sunil/.git$ ls -la

total 40

drwxrwxr-x 7 suniljainvodafo suniljainvodafo 4096 May 10 08:56 .

drwxrwxr-x 3 suniljainvodafo suniljainvodafo 4096 May 10 08:56 ..

-rw-rw-r-- 1 suniljainvodafo suniljainvodafo   23 May 10 08:56 HEAD

drwxrwxr-x 2 suniljainvodafo suniljainvodafo 4096 May 10 08:56 branches

-rw-rw-r-- 1 suniljainvodafo suniljainvodafo   92 May 10 08:56 config

-rw-rw-r-- 1 suniljainvodafo suniljainvodafo   73 May 10 08:56 description

drwxrwxr-x 2 suniljainvodafo suniljainvodafo 4096 May 10 08:56 hooks

drwxrwxr-x 2 suniljainvodafo suniljainvodafo 4096 May 10 08:56 info

drwxrwxr-x 4 suniljainvodafo suniljainvodafo 4096 May 10 08:56 objects

drwxrwxr-x 4 suniljainvodafo suniljainvodafo 4096 May 10 08:56 refs

suniljainvodafo@ip-172-31-30-68:~/project_sunil/.git$ cat  config 

[core]

	repositoryformatversion = 0

	filemode = true

	bare = false

	logallrefupdates = true

suniljainvodafo@ip-172-31-30-68:~/project_sunil/.git$ cat description 

Unnamed repository; edit this file 'description' to name the repository.

suniljainvodafo@ip-172-31-30-68:~/project_sunil/.git$ cd ..

suniljainvodafo@ip-172-31-30-68:~/project_sunil$ ls -ltr

total 0

suniljainvodafo@ip-172-31-30-68:~/project_sunil$ vi hello.py

suniljainvodafo@ip-172-31-30-68:~/project_sunil$ vi bye.py

suniljainvodafo@ip-172-31-30-68:~/project_sunil$ vi sj_git1.txt

suniljainvodafo@ip-172-31-30-68:~/project_sunil$ touch .gitignore  (.gitignore contain a list of files that you don't want to add to repository, but the git ignore itself is getting added to repository so other users will know what files are getting ignored in my copy of the repository)

suniljainvodafo@ip-172-31-30-68:~/project_sunil$ echo "sj_git1.txt" >> .gitignore

suniljainvodafo@ip-172-31-30-68:~/project_sunil$ ls -la

total 28

drwxrwxr-x  3 suniljainvodafo suniljainvodafo 4096 May 10 09:03 .

drwxr-xr-x 17 suniljainvodafo suniljainvodafo 4096 May 10 09:01 ..

drwxrwxr-x  7 suniljainvodafo suniljainvodafo 4096 May 10 08:56 .git

-rw-rw-r--  1 suniljainvodafo suniljainvodafo   12 May 10 09:03 .gitignore

-rw-rw-r--  1 suniljainvodafo suniljainvodafo   19 May 10 09:00 bye.py

-rw-rw-r--  1 suniljainvodafo suniljainvodafo   21 May 10 09:00 hello.py

-rw-rw-r--  1 suniljainvodafo suniljainvodafo   20 May 10 09:01 sj_git1.txt

suniljainvodafo@ip-172-31-30-68:~/project_sunil$ cat .gitignore 

sj_git1.txt

suniljainvodafo@ip-172-31-30-68:~/project_sunil$ git add hello.py

suniljainvodafo@ip-172-31-30-68:~/project_sunil$ git add .gitignore

suniljainvodafo@ip-172-31-30-68:~/project_sunil$ git status

On branch master



No commits yet



Changes to be committed:

  (use "git rm --cached <file>..." to unstage)

	new file:   .gitignore

	new file:   hello.py



Untracked files:

  (use "git add <file>..." to include in what will be committed)

	bye.py



suniljainvodafo@ip-172-31-30-68:~/project_sunil$ git commit -m "first commit"

Author identity unknown



*** Please tell me who you are.



Run



  git config --global user.email "you@example.com"

  git config --global user.name "Your Name"



to set your account's default identity.

Omit --global to set the identity only in this repository.



fatal: empty ident name (for <suniljainvodafo@ip-172-31-30-68.ec2.internal>) not allowed

suniljainvodafo@ip-172-31-30-68:~/project_sunil$ git config --global user.email sunil.1908@gmail.com

suniljainvodafo@ip-172-31-30-68:~/project_sunil$ git config --global user.name sunilj

suniljainvodafo@ip-172-31-30-68:~/project_sunil$ git commit -m "first commit"

[master (root-commit) 101a53d] first commit

 2 files changed, 2 insertions(+)

 create mode 100644 .gitignore

 create mode 100644 hello.py

suniljainvodafo@ip-172-31-30-68:~/project_sunil$ git status

On branch master

Untracked files:

  (use "git add <file>..." to include in what will be committed)

	bye.py



nothing added to commit but untracked files present (use "git add" to track)

suniljainvodafo@ip-172-31-30-68:~/project_sunil$ git log

commit 101a53dc78ed3505fa2bc940ff99e92c26d6e33a (HEAD -> master)

Author: sunilj <sunil.1908@gmail.com>

Date:   Tue May 10 09:12:33 2022 +0000



    first commit

suniljainvodafo@ip-172-31-30-68:~/project_sunil$ git log --oneline

101a53d (HEAD -> master) first commit

suniljainvodafo@ip-172-31-30-68:~/project_sunil$ vi hellp.py

suniljainvodafo@ip-172-31-30-68:~/project_sunil$ vi hello.py

suniljainvodafo@ip-172-31-30-68:~/project_sunil$ git status

On branch master

Changes not staged for commit:

  (use "git add <file>..." to update what will be committed)

  (use "git restore <file>..." to discard changes in working directory)

	modified:   hello.py



Untracked files:

  (use "git add <file>..." to include in what will be committed)

	bye.py



no changes added to commit (use "git add" and/or "git commit -a")

suniljainvodafo@ip-172-31-30-68:~/project_sunil$ ls -la

total 28

drwxrwxr-x  3 suniljainvodafo suniljainvodafo 4096 May 10 09:15 .

drwxr-xr-x 17 suniljainvodafo suniljainvodafo 4096 May 10 09:15 ..

drwxrwxr-x  8 suniljainvodafo suniljainvodafo 4096 May 10 09:15 .git

-rw-rw-r--  1 suniljainvodafo suniljainvodafo   12 May 10 09:03 .gitignore

-rw-rw-r--  1 suniljainvodafo suniljainvodafo   19 May 10 09:00 bye.py

-rw-rw-r--  1 suniljainvodafo suniljainvodafo   40 May 10 09:15 hello.py

-rw-rw-r--  1 suniljainvodafo suniljainvodafo   20 May 10 09:01 sj_git1.txt

suniljainvodafo@ip-172-31-30-68:~/project_sunil$ vi sj_git2.txt

suniljainvodafo@ip-172-31-30-68:~/project_sunil$ git status

On branch master

Changes not staged for commit:

  (use "git add <file>..." to update what will be committed)

  (use "git restore <file>..." to discard changes in working directory)

	modified:   hello.py



Untracked files:

  (use "git add <file>..." to include in what will be committed)

	bye.py

	sj_git2.txt



no changes added to commit (use "git add" and/or "git commit -a")

suniljainvodafo@ip-172-31-30-68:~/project_sunil$ git add .

suniljainvodafo@ip-172-31-30-68:~/project_sunil$ git status

On branch master

Changes to be committed:

  (use "git restore --staged <file>..." to unstage)

	new file:   bye.py

	modified:   hello.py

	new file:   sj_git2.txt



suniljainvodafo@ip-172-31-30-68:~/project_sunil$ git commit -m "second commit  with modified and new files"

[master 9205b1d] second commit  with modified and new files

 3 files changed, 4 insertions(+)

 create mode 100644 bye.py

 create mode 100644 sj_git2.txt

suniljainvodafo@ip-172-31-30-68:~/project_sunil$ git status

On branch master

nothing to commit, working tree clean

suniljainvodafo@ip-172-31-30-68:~/project_sunil$ git log

commit 9205b1d53b8a7df778bb4f87a1856ca5bec604e2 (HEAD -> master)

Author: sunilj <sunil.1908@gmail.com>

Date:   Tue May 10 09:19:14 2022 +0000



    second commit  with modified and new files



commit 101a53dc78ed3505fa2bc940ff99e92c26d6e33a

Author: sunilj <sunil.1908@gmail.com>

Date:   Tue May 10 09:12:33 2022 +0000



    first commit



Check version history:

suniljainvodafo@ip-172-31-30-68:~/project_sunil$ git log -p -- hello.py

commit 9205b1d53b8a7df778bb4f87a1856ca5bec604e2

Author: sunilj <sunil.1908@gmail.com>

Date:   Tue May 10 09:19:14 2022 +0000



    second commit  with modified and new files



diff --git a/hello.py b/hello.py

index e3e7f80..174b467 100644

--- a/hello.py

+++ b/hello.py

@@ -1 +1,3 @@

 print('Hello Sunil')

+print('Jain1981')

+

commit 101a53dc78ed3505fa2bc940ff99e92c26d6e33a

Author: sunilj <sunil.1908@gmail.com>

Date:   Tue May 10 09:12:33 2022 +0000

    first commit

diff --git a/hello.py b/hello.py

new file mode 100644

index 0000000..e3e7f80

--- /dev/null

+++ b/hello.py



Option2:

** sudo apt-get install gitk

Gitk <filename>   graphical view of version history

 

To show what revision and author last modified each line of a file:

git blame filename



suniljainvodafo@ip-172-31-30-68:~/project_sunil$ tig hello.py


